­ƒªè Tharos is analyzing your intent...

­ƒôä Analyzing test-bad-code.ts...
  ­ƒøæ SECURITY: Potentially sensitive variable name 'API_KEY' found.
     Line 2
  ­ƒøæ SECURITY: Suspiciously long string literal detected; possible hardcoded token.
     Line 2
  ­ƒøæ SECURITY: Dangerous function 'eval' detected via AST analysis.
     Line 5
  ÔÜá´©Å CODE_SMELL: Static analysis found unresolved TODO in comment.
     Line 8

  ­ƒºá Tharos AI Semantic Insights:
     Ô£¿ The use of 'eval' and hardcoded secrets are critical security violations. Refactor to use safer alternatives like JSON.parse and environment variables.
     ­ƒôè Risk Score: 95/100

     ­ƒÆí Suggested Fix:
     ---------------------------------------
     // Instead of eval:
     const data = JSON.parse(input);
     
     // Instead of hardcoded key:
     const API_KEY = process.env.VITE_APP_SECRET;
     ---------------------------------------

­ƒøæ Commit blocked by Tharos policy. Please fix the issues above.
